Script error in event 2 (coords 1,0), map 22 (Intro real):
Exception: NameError
Message: uninitialized constant PokemonEntryScene2::LATEST_ENTRY_MECHANICS

***Full script:
pbTrainerName


Backtrace:
[BW Text Entry Scene] BW_TextEntry.rb:750:in `block in pbEntry'
[BW Text Entry Scene] BW_TextEntry.rb:699:in `loop'
[BW Text Entry Scene] BW_TextEntry.rb:699:in `pbEntry'
[BW Text Entry Scene] BW_TextEntry.rb:782:in `pbStartScreen'
[BW Text Entry Scene] BW_TextEntry.rb:805:in `block in pbEnterText'
002_MessageConfig.rb:562:in `pbFadeOutIn'
[BW Text Entry Scene] BW_TextEntry.rb:802:in `pbEnterText'
[BW Text Entry Scene] BW_TextEntry.rb:812:in `pbEnterPlayerName'
001_Utilities.rb:234:in `pbTrainerName'
[Multiple Protagonists] Script.rb:611:in `pbTrainerName'


003_Interpreter.rb:192:in `rescue in execute_script'
003_Interpreter.rb:138:in `execute_script'
004_Interpreter_Commands.rb:1030:in `command_355'
004_Interpreter_Commands.rb:116:in `execute_command'
003_Interpreter.rb:130:in `block in update'
003_Interpreter.rb:87:in `loop'
003_Interpreter.rb:87:in `update'
[Following Pokemon EX] Refresh.rb:252:in `update'
002_Scene_Map.rb:157:in `block in update'
002_Scene_Map.rb:155:in `loop'
002_Scene_Map.rb:155:in `update'
[Following Pokemon EX] Refresh.rb:164:in `update'
002_Scene_Map.rb:220:in `block in main'
002_Scene_Map.rb:217:in `loop'
002_Scene_Map.rb:217:in `main'
999_Main.rb:35:in `mainFunctionDebug'
999_Main.rb:20:in `mainFunction'
999_Main.rb:45:in `block (2 levels) in load_scripts_from_folder'
999_Main.rb:44:in `loop'
999_Main.rb:44:in `block in load_scripts_from_folder'
000:Main:34:in `eval'
000:Main:34:in `block in load_scripts_from_folder'
000:Main:31:in `each'
000:Main:31:in `load_scripts_from_folder'
000:Main:44:in `block in load_scripts_from_folder'
000:Main:43:in `each'
000:Main:43:in `load_scripts_from_folder'
000:Main:48:in `<main>'
-e:in `eval'